starting libnamecheck
processing EnumTypeDeclarationTest.cpp
EnumTypeDeclarationTest.cpp:5:6: aviso: Enum type declaration names should start with uppercase in incorrect [activado por defecto]
