starting libnamecheck
processing FunctionDeclarationTest.cpp
FunctionDeclarationTest.cpp:2:5: aviso: Function declaration names should start with lowercase in Incorrect [activado por defecto]
