starting libnamecheck
processing MethodDeclarationTest.cpp
MethodDeclarationTest.cpp: In function ‘void test5t()’:
MethodDeclarationTest.cpp:18:5: warning: Function declaration names should start with lowercase in TEST8T [enabled by default]
MethodDeclarationTest.cpp:17:6: warning: Function declaration names should start with lowercase in Test7t [enabled by default]
MethodDeclarationTest.cpp:13:14: warning: Function declaration names should start with lowercase in Test6t [enabled by default]
