starting libnamecheck
processing NamespaceDeclarationTest.cpp
NamespaceDeclarationTest.cpp:45:2: warning: Namespace declaration names should end with lowercase in TEST1T [enabled by default]
NamespaceDeclarationTest.cpp:46:13: warning: Global const declaration names should start with uppercase in test [enabled by default]
NamespaceDeclarationTest.cpp:36:1: warning: Namespace declaration names should end with lowercase in TEST [enabled by default]
NamespaceDeclarationTest.cpp:30:2: warning: Namespace declaration names should start with uppercase in test2t [enabled by default]
NamespaceDeclarationTest.cpp:31:13: warning: Global const declaration names should start with uppercase in length [enabled by default]
NamespaceDeclarationTest.cpp:12:1: warning: Namespace declaration names should end with lowercase in Mytest2 [enabled by default]
NamespaceDeclarationTest.cpp:7:1: warning: Namespace declaration names should end with lowercase in MytesT [enabled by default]
NamespaceDeclarationTest.cpp:2:1: warning: Namespace declaration names should start with uppercase in mytest [enabled by default]
