starting libnamecheck
processing ParameterDeclarationTest.cpp
ParameterDeclarationTest.cpp: En la función ‘void functione(void*, const int*, int)’:
ParameterDeclarationTest.cpp:39:21: aviso: Parameter declaration names should start with lowercase in Test13t [activado por defecto]
ParameterDeclarationTest.cpp:39:41: aviso: Parameter declaration names should start with lowercase in Test14t [activado por defecto]
ParameterDeclarationTest.cpp:39:54: aviso: Parameter declaration names should start with lowercase in Test15t [activado por defecto]
ParameterDeclarationTest.cpp:44:28: aviso: Parameter declaration names should start with lowercase in Test16t [activado por defecto]
ParameterDeclarationTest.cpp:44:48: aviso: Parameter declaration names should start with lowercase in Test17t [activado por defecto]
ParameterDeclarationTest.cpp:44:61: aviso: Parameter declaration names should start with lowercase in Test18t [activado por defecto]
ParameterDeclarationTest.cpp:49:28: aviso: Parameter declaration names should start with lowercase in Test19t [activado por defecto]
ParameterDeclarationTest.cpp:49:48: aviso: Parameter declaration names should start with lowercase in Test20t [activado por defecto]
ParameterDeclarationTest.cpp:49:61: aviso: Parameter declaration names should start with lowercase in Test21t [activado por defecto]
ParameterDeclarationTest.cpp:17:29: aviso: Parameter declaration names should start with lowercase in Test7t [activado por defecto]
ParameterDeclarationTest.cpp:17:48: aviso: Parameter declaration names should start with lowercase in Test8t [activado por defecto]
ParameterDeclarationTest.cpp:17:60: aviso: Parameter declaration names should start with lowercase in Test9t [activado por defecto]
ParameterDeclarationTest.cpp:12:29: aviso: Parameter declaration names should start with lowercase in Test4t [activado por defecto]
ParameterDeclarationTest.cpp:12:48: aviso: Parameter declaration names should start with lowercase in Test5t [activado por defecto]
ParameterDeclarationTest.cpp:12:60: aviso: Parameter declaration names should start with lowercase in Test6t [activado por defecto]
ParameterDeclarationTest.cpp:6:22: aviso: Parameter declaration names should start with lowercase in Test1t [activado por defecto]
ParameterDeclarationTest.cpp:6:41: aviso: Parameter declaration names should start with lowercase in Test2t [activado por defecto]
ParameterDeclarationTest.cpp:6:53: aviso: Parameter declaration names should start with lowercase in Test3t [activado por defecto]
ParameterDeclarationTest.cpp:1:22: aviso: Parameter declaration names should end with lowercase in test0 [activado por defecto]
