starting libnamecheck
processing EnumTypeDeclarationTest.cpp
EnumTypeDeclarationTest.cpp:5:6: warning: Enum type declaration should start with uppercase in incorrect [enabled by default]
