starting libnamecheck
processing EnumValueDeclarationTest.cpp
EnumValueDeclarationTest.cpp:9:2: warning: [namecheck] Enum value declaration should start with uppercase in incorrectuno [enabled by default]
EnumValueDeclarationTest.cpp:10:2: warning: [namecheck] Enum value declaration should start with uppercase in incorrectdos [enabled by default]
