starting libnamecheck
processing MethodDeclarationTest.cpp
MethodDeclarationTest.cpp:18:5: warning: [namecheck] Function declaration should start with lowercase in TEST8T [enabled by default]
MethodDeclarationTest.cpp:17:6: warning: [namecheck] Function declaration should start with lowercase in Test7t [enabled by default]
MethodDeclarationTest.cpp:13:14: warning: [namecheck] Function declaration should start with lowercase in Test6t [enabled by default]
