starting libnamecheck
processing UnionValueTest.cpp
UnionValueTest.cpp:3:6: warning: Union value declaration should end with lowercase in Test0 [enabled by default]
UnionValueTest.cpp:5:6: warning: Union value declaration should start with uppercase in test2t [enabled by default]
